
> app@0.1.0 build
> next build

  Γû▓ Next.js 14.2.35
  - Environments: .env

   Creating an optimized production build ...
 Γ£ô Compiled successfully
   Linting and checking validity of types ...

./src/actions/course.ts
26:56  Warning: Unexpected any. Specify a different type.  @typescript-eslint/no-explicit-any
89:3  Warning: Do not assign to the variable `module`. See: https://nextjs.org/docs/messages/no-assign-module-variable  @next/next/no-assign-module-variable
108:12  Warning: 'item' is never reassigned. Use 'const' instead.  prefer-const
146:43  Warning: Unexpected any. Specify a different type.  @typescript-eslint/no-explicit-any
150:18  Warning: Unexpected any. Specify a different type.  @typescript-eslint/no-explicit-any
152:54  Warning: Unexpected any. Specify a different type.  @typescript-eslint/no-explicit-any

./src/actions/login.ts
8:10  Warning: 'DEFAULT_LOGIN_REDIRECT' is defined but never used.  @typescript-eslint/no-unused-vars

./src/actions/module.ts
33:3  Warning: Do not assign to the variable `module`. See: https://nextjs.org/docs/messages/no-assign-module-variable  @next/next/no-assign-module-variable
52:3  Warning: Do not assign to the variable `module`. See: https://nextjs.org/docs/messages/no-assign-module-variable  @next/next/no-assign-module-variable
64:56  Warning: Unexpected any. Specify a different type.  @typescript-eslint/no-explicit-any
71:3  Warning: Do not assign to the variable `module`. See: https://nextjs.org/docs/messages/no-assign-module-variable  @next/next/no-assign-module-variable
93:3  Warning: Do not assign to the variable `module`. See: https://nextjs.org/docs/messages/no-assign-module-variable  @next/next/no-assign-module-variable

./src/actions/performance.ts
5:10  Warning: 'revalidatePath' is defined but never used.  @typescript-eslint/no-unused-vars
140:29  Warning: Unexpected any. Specify a different type.  @typescript-eslint/no-explicit-any

./src/actions/test.ts
84:54  Warning: Unexpected any. Specify a different type.  @typescript-eslint/no-explicit-any
148:9  Warning: Unexpected any. Specify a different type.  @typescript-eslint/no-explicit-any
163:36  Warning: Unexpected any. Specify a different type.  @typescript-eslint/no-explicit-any
206:38  Warning: Unexpected any. Specify a different type.  @typescript-eslint/no-explicit-any
218:18  Warning: Unexpected any. Specify a different type.  @typescript-eslint/no-explicit-any
229:46  Warning: Unexpected any. Specify a different type.  @typescript-eslint/no-explicit-any
236:24  Warning: Unexpected any. Specify a different type.  @typescript-eslint/no-explicit-any
242:46  Warning: Unexpected any. Specify a different type.  @typescript-eslint/no-explicit-any
247:26  Warning: Unexpected any. Specify a different type.  @typescript-eslint/no-explicit-any
293:10  Warning: Unexpected any. Specify a different type.  @typescript-eslint/no-explicit-any
303:21  Warning: Unexpected any. Specify a different type.  @typescript-eslint/no-explicit-any
330:10  Warning: Unexpected any. Specify a different type.  @typescript-eslint/no-explicit-any
336:60  Warning: Unexpected any. Specify a different type.  @typescript-eslint/no-explicit-any
348:21  Warning: Unexpected any. Specify a different type.  @typescript-eslint/no-explicit-any

./src/app/(admin)/analytics/page.tsx
9:3  Warning: 'Users' is defined but never used.  @typescript-eslint/no-unused-vars
10:3  Warning: 'BookOpen' is defined but never used.  @typescript-eslint/no-unused-vars
11:3  Warning: 'CheckCircle2' is defined but never used.  @typescript-eslint/no-unused-vars
15:3  Warning: 'AlertCircle' is defined but never used.  @typescript-eslint/no-unused-vars

./src/app/(karyawan)/courses/[courseId]/modules/[moduleId]/page.tsx
9:3  Warning: 'FileText' is defined but never used.  @typescript-eslint/no-unused-vars
10:3  Warning: 'Clock' is defined but never used.  @typescript-eslint/no-unused-vars
49:3  Warning: Do not assign to the variable `module`. See: https://nextjs.org/docs/messages/no-assign-module-variable  @next/next/no-assign-module-variable

./src/app/(karyawan)/courses/[courseId]/page.tsx
15:3  Warning: 'BarChart3' is defined but never used.  @typescript-eslint/no-unused-vars
77:10  Warning: 'formatDeadlineDate' is defined but never used.  @typescript-eslint/no-unused-vars

./src/app/(karyawan)/courses/[courseId]/tests/[testId]/page.tsx
85:16  Warning: Unexpected any. Specify a different type.  @typescript-eslint/no-explicit-any
90:16  Warning: Unexpected any. Specify a different type.  @typescript-eslint/no-explicit-any

./src/app/(karyawan)/courses/[courseId]/tests/[testId]/result/page.tsx
16:3  Warning: 'AlertTriangle' is defined but never used.  @typescript-eslint/no-unused-vars
199:77  Warning: Unexpected any. Specify a different type.  @typescript-eslint/no-explicit-any
252:54  Warning: Unexpected any. Specify a different type.  @typescript-eslint/no-explicit-any
253:62  Warning: Unexpected any. Specify a different type.  @typescript-eslint/no-explicit-any
254:24  Warning: 'correctOption' is assigned a value but never used.  @typescript-eslint/no-unused-vars
254:66  Warning: Unexpected any. Specify a different type.  @typescript-eslint/no-explicit-any
285:61  Warning: Unexpected any. Specify a different type.  @typescript-eslint/no-explicit-any

./src/app/(karyawan)/courses/[courseId]/tests/[testId]/_components/TestClient.tsx
21:9  Warning: Unexpected any. Specify a different type.  @typescript-eslint/no-explicit-any
44:6  Warning: React Hook useEffect has a missing dependency: 'handleSubmit'. Either include it or remove the dependency array.  react-hooks/exhaustive-deps
79:21  Warning: Unexpected any. Specify a different type.  @typescript-eslint/no-explicit-any
156:60  Warning: Unexpected any. Specify a different type.  @typescript-eslint/no-explicit-any
202:42  Warning: Unexpected any. Specify a different type.  @typescript-eslint/no-explicit-any
249:30  Warning: Unexpected any. Specify a different type.  @typescript-eslint/no-explicit-any

./src/app/(karyawan)/courses/_components/catalog-client.tsx
3:29  Warning: 'useEffect' is defined but never used.  @typescript-eslint/no-unused-vars
12:12  Warning: Unexpected any. Specify a different type.  @typescript-eslint/no-explicit-any
13:15  Warning: Unexpected any. Specify a different type.  @typescript-eslint/no-explicit-any
147:58  Warning: `'` can be escaped with `&apos;`, `&lsquo;`, `&#39;`, `&rsquo;`.  react/no-unescaped-entities
181:32  Warning: Using `<img>` could result in slower LCP and higher bandwidth. Consider using `<Image />` from `next/image` to automatically optimize images. This may incur additional usage or cost from your provider. See: https://nextjs.org/docs/messages/no-img-element  @next/next/no-img-element

./src/app/(karyawan)/dashboard/page.tsx
49:69  Warning: Unexpected any. Specify a different type.  @typescript-eslint/no-explicit-any
66:52  Warning: Unexpected any. Specify a different type.  @typescript-eslint/no-explicit-any
143:50  Warning: Unexpected any. Specify a different type.  @typescript-eslint/no-explicit-any

./src/app/(karyawan)/dashboard/_components/CourseCard.tsx
10:11  Warning: Unexpected any. Specify a different type.  @typescript-eslint/no-explicit-any
23:13  Warning: Using `<img>` could result in slower LCP and higher bandwidth. Consider using `<Image />` from `next/image` to automatically optimize images. This may incur additional usage or cost from your provider. See: https://nextjs.org/docs/messages/no-img-element  @next/next/no-img-element

./src/app/(karyawan)/dashboard/_components/ExploreCourses.tsx
22:56  Warning: Unexpected any. Specify a different type.  @typescript-eslint/no-explicit-any
43:27  Warning: Unexpected any. Specify a different type.  @typescript-eslint/no-explicit-any
48:19  Warning: Using `<img>` could result in slower LCP and higher bandwidth. Consider using `<Image />` from `next/image` to automatically optimize images. This may incur additional usage or cost from your provider. See: https://nextjs.org/docs/messages/no-img-element  @next/next/no-img-element

./src/app/(karyawan)/dashboard/_components/KPIGrid.tsx
35:93  Warning: Unexpected any. Specify a different type.  @typescript-eslint/no-explicit-any

./src/app/(karyawan)/performance/page.tsx
8:3  Warning: 'Award' is defined but never used.  @typescript-eslint/no-unused-vars
12:3  Warning: 'ChevronRight' is defined but never used.  @typescript-eslint/no-unused-vars
13:3  Warning: 'TrendingDown' is defined but never used.  @typescript-eslint/no-unused-vars
14:3  Warning: 'Info' is defined but never used.  @typescript-eslint/no-unused-vars
19:16  Warning: 'CardContent' is defined but never used.  @typescript-eslint/no-unused-vars
257:105  Warning: Unexpected any. Specify a different type.  @typescript-eslint/no-explicit-any
299:39  Warning: Unexpected any. Specify a different type.  @typescript-eslint/no-explicit-any
309:9  Warning: 'scores' is assigned a value but never used.  @typescript-eslint/no-unused-vars

./src/app/(karyawan)/performance/_components/ExportTranscriptButton.tsx
11:9  Warning: Unexpected any. Specify a different type.  @typescript-eslint/no-explicit-any
15:48  Warning: 'userName' is defined but never used.  @typescript-eslint/no-unused-vars
89:58  Warning: Unexpected any. Specify a different type.  @typescript-eslint/no-explicit-any
128:33  Warning: Unexpected any. Specify a different type.  @typescript-eslint/no-explicit-any
171:24  Warning: Unexpected any. Specify a different type.  @typescript-eslint/no-explicit-any

./src/app/admin/analytics/page.tsx
7:3  Warning: 'FileDown' is defined but never used.  @typescript-eslint/no-unused-vars
18:5  Warning: 'totalUsers' is assigned a value but never used.  @typescript-eslint/no-unused-vars

./src/app/admin/courses/actions.ts
27:10  Warning: Do not assign to the variable `module`. See: https://nextjs.org/docs/messages/no-assign-module-variable  @next/next/no-assign-module-variable

./src/app/admin/courses/create/page.tsx
11:3  Warning: 'ArrowLeft' is defined but never used.  @typescript-eslint/no-unused-vars

./src/app/admin/courses/[courseId]/actions.ts
88:23  Warning: Unexpected any. Specify a different type.  @typescript-eslint/no-explicit-any
110:153  Warning: Unexpected any. Specify a different type.  @typescript-eslint/no-explicit-any
160:5  Warning: Do not assign to the variable `module`. See: https://nextjs.org/docs/messages/no-assign-module-variable  @next/next/no-assign-module-variable
198:12  Warning: 'error' is defined but never used.  @typescript-eslint/no-unused-vars
212:28  Warning: Unexpected any. Specify a different type.  @typescript-eslint/no-explicit-any
224:48  Warning: Unexpected any. Specify a different type.  @typescript-eslint/no-explicit-any
230:44  Warning: Unexpected any. Specify a different type.  @typescript-eslint/no-explicit-any
233:45  Warning: Unexpected any. Specify a different type.  @typescript-eslint/no-explicit-any
240:14  Warning: Unexpected any. Specify a different type.  @typescript-eslint/no-explicit-any
249:42  Warning: Unexpected any. Specify a different type.  @typescript-eslint/no-explicit-any
250:46  Warning: Unexpected any. Specify a different type.  @typescript-eslint/no-explicit-any
257:42  Warning: Unexpected any. Specify a different type.  @typescript-eslint/no-explicit-any
260:43  Warning: Unexpected any. Specify a different type.  @typescript-eslint/no-explicit-any
267:12  Warning: Unexpected any. Specify a different type.  @typescript-eslint/no-explicit-any

./src/app/admin/courses/[courseId]/page.tsx
21:28  Warning: 'Test' is defined but never used.  @typescript-eslint/no-unused-vars
21:34  Warning: 'Question' is defined but never used.  @typescript-eslint/no-unused-vars
21:44  Warning: 'Option' is defined but never used.  @typescript-eslint/no-unused-vars
71:36  Warning: Unexpected any. Specify a different type.  @typescript-eslint/no-explicit-any
72:37  Warning: Unexpected any. Specify a different type.  @typescript-eslint/no-explicit-any
74:100  Warning: Unexpected any. Specify a different type.  @typescript-eslint/no-explicit-any
74:129  Warning: Unexpected any. Specify a different type.  @typescript-eslint/no-explicit-any
86:9  Warning: 'completionText' is assigned a value but never used.  @typescript-eslint/no-unused-vars
157:64  Warning: Unexpected any. Specify a different type.  @typescript-eslint/no-explicit-any

./src/app/admin/courses/[courseId]/report/page.tsx
21:19  Warning: Unexpected any. Specify a different type.  @typescript-eslint/no-explicit-any
37:23  Warning: Unexpected any. Specify a different type.  @typescript-eslint/no-explicit-any
57:24  Warning: Unexpected any. Specify a different type.  @typescript-eslint/no-explicit-any
69:25  Warning: Unexpected any. Specify a different type.  @typescript-eslint/no-explicit-any
78:9  Warning: 'enrolledUserIds' is assigned a value but never used.  @typescript-eslint/no-unused-vars
78:47  Warning: Unexpected any. Specify a different type.  @typescript-eslint/no-explicit-any
82:41  Warning: Unexpected any. Specify a different type.  @typescript-eslint/no-explicit-any
88:9  Warning: 'preTestId' is assigned a value but never used.  @typescript-eslint/no-unused-vars
88:38  Warning: Unexpected any. Specify a different type.  @typescript-eslint/no-explicit-any
88:54  Warning: Unexpected any. Specify a different type.  @typescript-eslint/no-explicit-any
89:9  Warning: 'postTestId' is assigned a value but never used.  @typescript-eslint/no-unused-vars
89:39  Warning: Unexpected any. Specify a different type.  @typescript-eslint/no-explicit-any
89:55  Warning: Unexpected any. Specify a different type.  @typescript-eslint/no-explicit-any
93:36  Warning: Unexpected any. Specify a different type.  @typescript-eslint/no-explicit-any
107:38  Warning: Unexpected any. Specify a different type.  @typescript-eslint/no-explicit-any
107:53  Warning: Unexpected any. Specify a different type.  @typescript-eslint/no-explicit-any
110:45  Warning: Unexpected any. Specify a different type.  @typescript-eslint/no-explicit-any
114:38  Warning: Unexpected any. Specify a different type.  @typescript-eslint/no-explicit-any
114:54  Warning: Unexpected any. Specify a different type.  @typescript-eslint/no-explicit-any
115:39  Warning: Unexpected any. Specify a different type.  @typescript-eslint/no-explicit-any
115:55  Warning: Unexpected any. Specify a different type.  @typescript-eslint/no-explicit-any
141:47  Warning: Unexpected any. Specify a different type.  @typescript-eslint/no-explicit-any
143:54  Warning: Unexpected any. Specify a different type.  @typescript-eslint/no-explicit-any
146:54  Warning: Unexpected any. Specify a different type.  @typescript-eslint/no-explicit-any
152:27  Warning: Unexpected any. Specify a different type.  @typescript-eslint/no-explicit-any
152:45  Warning: Unexpected any. Specify a different type.  @typescript-eslint/no-explicit-any
153:28  Warning: Unexpected any. Specify a different type.  @typescript-eslint/no-explicit-any
153:46  Warning: Unexpected any. Specify a different type.  @typescript-eslint/no-explicit-any
157:47  Warning: Unexpected any. Specify a different type.  @typescript-eslint/no-explicit-any
157:62  Warning: Unexpected any. Specify a different type.  @typescript-eslint/no-explicit-any
159:38  Warning: Unexpected any. Specify a different type.  @typescript-eslint/no-explicit-any
159:56  Warning: Unexpected any. Specify a different type.  @typescript-eslint/no-explicit-any

./src/app/admin/courses/[courseId]/report/_components/CourseReportCharts.tsx
18:15  Warning: Unexpected any. Specify a different type.  @typescript-eslint/no-explicit-any

./src/app/admin/courses/[courseId]/report/_components/CourseReportClient.tsx
10:3  Warning: 'XCircle' is defined but never used.  @typescript-eslint/no-unused-vars
12:3  Warning: 'BookOpen' is defined but never used.  @typescript-eslint/no-unused-vars
13:3  Warning: 'GraduationCap' is defined but never used.  @typescript-eslint/no-unused-vars
14:3  Warning: 'Clock' is defined but never used.  @typescript-eslint/no-unused-vars
52:11  Warning: Unexpected any. Specify a different type.  @typescript-eslint/no-explicit-any
198:51  Warning: Unexpected any. Specify a different type.  @typescript-eslint/no-explicit-any
294:9  Warning: 'comparisonData' is assigned a value but never used.  @typescript-eslint/no-unused-vars

./src/app/admin/courses/[courseId]/tests/[testId]/page.tsx
4:10  Warning: 'ArrowLeft' is defined but never used.  @typescript-eslint/no-unused-vars
5:8  Warning: 'Link' is defined but never used.  @typescript-eslint/no-unused-vars
61:29  Warning: Unexpected any. Specify a different type.  @typescript-eslint/no-explicit-any

./src/app/admin/courses/[courseId]/_components/CourseSetupClient.tsx
29:52  Warning: 'CardDescription' is defined but never used.  @typescript-eslint/no-unused-vars
81:14  Warning: 'error' is defined but never used.  @typescript-eslint/no-unused-vars
115:34  Warning: Unexpected any. Specify a different type.  @typescript-eslint/no-explicit-any
189:81  Warning: `"` can be escaped with `&quot;`, `&ldquo;`, `&#34;`, `&rdquo;`.  react/no-unescaped-entities
189:94  Warning: `"` can be escaped with `&quot;`, `&ldquo;`, `&#34;`, `&rdquo;`.  react/no-unescaped-entities

./src/app/admin/courses/[courseId]/_components/ModuleFormModal.tsx
34:3  Warning: 'AlertCircle' is defined but never used.  @typescript-eslint/no-unused-vars
45:17  Warning: Unexpected any. Specify a different type.  @typescript-eslint/no-explicit-any
65:30  Warning: Unexpected any. Specify a different type.  @typescript-eslint/no-explicit-any
66:29  Warning: Unexpected any. Specify a different type.  @typescript-eslint/no-explicit-any
67:28  Warning: Unexpected any. Specify a different type.  @typescript-eslint/no-explicit-any
67:68  Warning: Unexpected any. Specify a different type.  @typescript-eslint/no-explicit-any
68:33  Warning: Unexpected any. Specify a different type.  @typescript-eslint/no-explicit-any
68:71  Warning: Unexpected any. Specify a different type.  @typescript-eslint/no-explicit-any
69:41  Warning: Unexpected any. Specify a different type.  @typescript-eslint/no-explicit-any
70:33  Warning: Unexpected any. Specify a different type.  @typescript-eslint/no-explicit-any
70:72  Warning: Unexpected any. Specify a different type.  @typescript-eslint/no-explicit-any
71:33  Warning: Unexpected any. Specify a different type.  @typescript-eslint/no-explicit-any
72:36  Warning: Unexpected any. Specify a different type.  @typescript-eslint/no-explicit-any
73:30  Warning: Unexpected any. Specify a different type.  @typescript-eslint/no-explicit-any
74:33  Warning: Unexpected any. Specify a different type.  @typescript-eslint/no-explicit-any
90:25  Warning: 'isValid' is assigned a value but never used.  @typescript-eslint/no-unused-vars
117:14  Warning: 'error' is defined but never used.  @typescript-eslint/no-unused-vars
123:44  Warning: Unexpected any. Specify a different type.  @typescript-eslint/no-explicit-any
124:52  Warning: Unexpected any. Specify a different type.  @typescript-eslint/no-explicit-any
125:44  Warning: Unexpected any. Specify a different type.  @typescript-eslint/no-explicit-any
140:16  Warning: 'error' is defined but never used.  @typescript-eslint/no-unused-vars

./src/app/admin/courses/[courseId]/_components/PublishButton.tsx
36:14  Warning: 'error' is defined but never used.  @typescript-eslint/no-unused-vars

./src/app/admin/courses/[courseId]/_components/TestForm.tsx
47:17  Warning: Unexpected any. Specify a different type.  @typescript-eslint/no-explicit-any
65:48  Warning: Unexpected any. Specify a different type.  @typescript-eslint/no-explicit-any
67:36  Warning: Unexpected any. Specify a different type.  @typescript-eslint/no-explicit-any
151:14  Warning: 'error' is defined but never used.  @typescript-eslint/no-unused-vars
166:14  Warning: 'error' is defined but never used.  @typescript-eslint/no-unused-vars

./src/app/admin/courses/_components/CoursesClient.tsx
10:3  Warning: 'BarChart3' is defined but never used.  @typescript-eslint/no-unused-vars
11:3  Warning: 'ChevronRight' is defined but never used.  @typescript-eslint/no-unused-vars
12:3  Warning: 'Filter' is defined but never used.  @typescript-eslint/no-unused-vars
15:3  Warning: 'Eye' is defined but never used.  @typescript-eslint/no-unused-vars
31:12  Warning: Unexpected any. Specify a different type.  @typescript-eslint/no-explicit-any

./src/app/admin/enrollments/actions.ts
9:46  Warning: Unexpected any. Specify a different type.  @typescript-eslint/no-explicit-any
15:29  Warning: Unexpected any. Specify a different type.  @typescript-eslint/no-explicit-any
20:19  Warning: Unexpected any. Specify a different type.  @typescript-eslint/no-explicit-any
31:57  Warning: Unexpected any. Specify a different type.  @typescript-eslint/no-explicit-any
35:61  Warning: Unexpected any. Specify a different type.  @typescript-eslint/no-explicit-any
42:29  Warning: Unexpected any. Specify a different type.  @typescript-eslint/no-explicit-any
58:19  Warning: Unexpected any. Specify a different type.  @typescript-eslint/no-explicit-any
67:37  Warning: Unexpected any. Specify a different type.  @typescript-eslint/no-explicit-any
77:57  Warning: Unexpected any. Specify a different type.  @typescript-eslint/no-explicit-any
78:54  Warning: Unexpected any. Specify a different type.  @typescript-eslint/no-explicit-any
81:61  Warning: Unexpected any. Specify a different type.  @typescript-eslint/no-explicit-any
83:39  Warning: Unexpected any. Specify a different type.  @typescript-eslint/no-explicit-any
93:29  Warning: Unexpected any. Specify a different type.  @typescript-eslint/no-explicit-any
94:30  Warning: Unexpected any. Specify a different type.  @typescript-eslint/no-explicit-any
109:19  Warning: Unexpected any. Specify a different type.  @typescript-eslint/no-explicit-any
120:19  Warning: Unexpected any. Specify a different type.  @typescript-eslint/no-explicit-any
128:29  Warning: Unexpected any. Specify a different type.  @typescript-eslint/no-explicit-any
134:19  Warning: Unexpected any. Specify a different type.  @typescript-eslint/no-explicit-any

./src/app/admin/enrollments/page.tsx
10:23  Warning: Unexpected any. Specify a different type.  @typescript-eslint/no-explicit-any
35:17  Warning: Unexpected any. Specify a different type.  @typescript-eslint/no-explicit-any
44:39  Warning: Unexpected any. Specify a different type.  @typescript-eslint/no-explicit-any
45:49  Warning: Unexpected any. Specify a different type.  @typescript-eslint/no-explicit-any
73:47  Warning: Unexpected any. Specify a different type.  @typescript-eslint/no-explicit-any
73:62  Warning: Unexpected any. Specify a different type.  @typescript-eslint/no-explicit-any
98:52  Warning: Unexpected any. Specify a different type.  @typescript-eslint/no-explicit-any
99:53  Warning: Unexpected any. Specify a different type.  @typescript-eslint/no-explicit-any
100:49  Warning: Unexpected any. Specify a different type.  @typescript-eslint/no-explicit-any
104:23  Warning: Unexpected any. Specify a different type.  @typescript-eslint/no-explicit-any
104:38  Warning: Unexpected any. Specify a different type.  @typescript-eslint/no-explicit-any
108:63  Warning: Unexpected any. Specify a different type.  @typescript-eslint/no-explicit-any
114:37  Warning: Unexpected any. Specify a different type.  @typescript-eslint/no-explicit-any
114:52  Warning: Unexpected any. Specify a different type.  @typescript-eslint/no-explicit-any

./src/app/admin/enrollments/_components/EnrollmentsClient.tsx
18:3  Warning: 'FileText' is defined but never used.  @typescript-eslint/no-unused-vars

./src/app/admin/enrollments/_components/EnrollModal.tsx
8:10  Warning: 'enrollUser' is defined but never used.  @typescript-eslint/no-unused-vars
79:9  Warning: 'isAlreadyEnrolled' is assigned a value but never used.  @typescript-eslint/no-unused-vars

./src/app/admin/page.tsx
6:3  Warning: 'BarChart3' is defined but never used.  @typescript-eslint/no-unused-vars
9:3  Warning: 'LayoutDashboard' is defined but never used.  @typescript-eslint/no-unused-vars
216:17  Warning: `"` can be escaped with `&quot;`, `&ldquo;`, `&#34;`, `&rdquo;`.  react/no-unescaped-entities
216:124  Warning: `"` can be escaped with `&quot;`, `&ldquo;`, `&#34;`, `&rdquo;`.  react/no-unescaped-entities

./src/app/admin/settings/page.tsx
3:10  Warning: 'Settings' is defined but never used.  @typescript-eslint/no-unused-vars
3:26  Warning: 'Bell' is defined but never used.  @typescript-eslint/no-unused-vars

./src/app/admin/users/actions.ts
24:19  Warning: Unexpected any. Specify a different type.  @typescript-eslint/no-explicit-any
61:19  Warning: Unexpected any. Specify a different type.  @typescript-eslint/no-explicit-any

./src/app/admin/users/page.tsx
10:17  Warning: Unexpected any. Specify a different type.  @typescript-eslint/no-explicit-any
45:37  Warning: Unexpected any. Specify a different type.  @typescript-eslint/no-explicit-any
62:35  Warning: Unexpected any. Specify a different type.  @typescript-eslint/no-explicit-any
63:38  Warning: Unexpected any. Specify a different type.  @typescript-eslint/no-explicit-any

./src/app/admin/users/[userId]/page.tsx
21:17  Warning: Unexpected any. Specify a different type.  @typescript-eslint/no-explicit-any
33:23  Warning: Unexpected any. Specify a different type.  @typescript-eslint/no-explicit-any
51:24  Warning: Unexpected any. Specify a different type.  @typescript-eslint/no-explicit-any
78:25  Warning: Unexpected any. Specify a different type.  @typescript-eslint/no-explicit-any
88:28  Warning: Unexpected any. Specify a different type.  @typescript-eslint/no-explicit-any
91:49  Warning: Unexpected any. Specify a different type.  @typescript-eslint/no-explicit-any
92:52  Warning: Unexpected any. Specify a different type.  @typescript-eslint/no-explicit-any
95:51  Warning: Unexpected any. Specify a different type.  @typescript-eslint/no-explicit-any
96:52  Warning: Unexpected any. Specify a different type.  @typescript-eslint/no-explicit-any
98:77  Warning: Unexpected any. Specify a different type.  @typescript-eslint/no-explicit-any
99:80  Warning: Unexpected any. Specify a different type.  @typescript-eslint/no-explicit-any
102:46  Warning: Unexpected any. Specify a different type.  @typescript-eslint/no-explicit-any
108:56  Warning: Unexpected any. Specify a different type.  @typescript-eslint/no-explicit-any
126:68  Warning: Unexpected any. Specify a different type.  @typescript-eslint/no-explicit-any
131:38  Warning: Unexpected any. Specify a different type.  @typescript-eslint/no-explicit-any
137:44  Warning: Unexpected any. Specify a different type.  @typescript-eslint/no-explicit-any
153:50  Warning: Unexpected any. Specify a different type.  @typescript-eslint/no-explicit-any
154:47  Warning: Unexpected any. Specify a different type.  @typescript-eslint/no-explicit-any
155:51  Warning: Unexpected any. Specify a different type.  @typescript-eslint/no-explicit-any
157:48  Warning: Unexpected any. Specify a different type.  @typescript-eslint/no-explicit-any
157:80  Warning: Unexpected any. Specify a different type.  @typescript-eslint/no-explicit-any

./src/app/admin/users/[userId]/_components/CourseProgressModal.tsx
38:15  Warning: Unexpected any. Specify a different type.  @typescript-eslint/no-explicit-any
45:60  Warning: Unexpected any. Specify a different type.  @typescript-eslint/no-explicit-any
46:61  Warning: Unexpected any. Specify a different type.  @typescript-eslint/no-explicit-any
108:47  Warning: Unexpected any. Specify a different type.  @typescript-eslint/no-explicit-any
108:52  Warning: 'idx' is defined but never used.  @typescript-eslint/no-unused-vars
168:46  Warning: Unexpected any. Specify a different type.  @typescript-eslint/no-explicit-any
195:47  Warning: Unexpected any. Specify a different type.  @typescript-eslint/no-explicit-any

./src/app/admin/users/[userId]/_components/LearningHistoryTable.tsx
7:3  Warning: 'MapPin' is defined but never used.  @typescript-eslint/no-unused-vars
10:3  Warning: 'CheckCircle2' is defined but never used.  @typescript-eslint/no-unused-vars
11:3  Warning: 'AlertCircle' is defined but never used.  @typescript-eslint/no-unused-vars
12:3  Warning: 'MoreVertical' is defined but never used.  @typescript-eslint/no-unused-vars
31:12  Warning: Unexpected any. Specify a different type.  @typescript-eslint/no-explicit-any
32:17  Warning: Unexpected any. Specify a different type.  @typescript-eslint/no-explicit-any

./src/app/admin/users/[userId]/_components/TestAttemptReview.tsx
20:36  Warning: Unexpected any. Specify a different type.  @typescript-eslint/no-explicit-any
79:70  Warning: Unexpected any. Specify a different type.  @typescript-eslint/no-explicit-any
93:45  Warning: Unexpected any. Specify a different type.  @typescript-eslint/no-explicit-any
94:48  Warning: Unexpected any. Specify a different type.  @typescript-eslint/no-explicit-any
95:59  Warning: Unexpected any. Specify a different type.  @typescript-eslint/no-explicit-any

./src/app/admin/users/[userId]/_components/UserDetailClient.tsx
5:3  Warning: 'User' is defined but never used.  @typescript-eslint/no-unused-vars
8:3  Warning: 'Mail' is defined but never used.  @typescript-eslint/no-unused-vars
17:3  Warning: 'Clock' is defined but never used.  @typescript-eslint/no-unused-vars
19:3  Warning: 'AlertCircle' is defined but never used.  @typescript-eslint/no-unused-vars
29:10  Warning: 'getAllUserTestDetails' is defined but never used.  @typescript-eslint/no-unused-vars
33:9  Warning: Unexpected any. Specify a different type.  @typescript-eslint/no-explicit-any
34:16  Warning: Unexpected any. Specify a different type.  @typescript-eslint/no-explicit-any
87:38  Warning: Unexpected any. Specify a different type.  @typescript-eslint/no-explicit-any
154:37  Warning: Unexpected any. Specify a different type.  @typescript-eslint/no-explicit-any
189:37  Warning: Unexpected any. Specify a different type.  @typescript-eslint/no-explicit-any
277:32  Warning: Unexpected any. Specify a different type.  @typescript-eslint/no-explicit-any
325:36  Warning: Unexpected any. Specify a different type.  @typescript-eslint/no-explicit-any
326:43  Warning: Unexpected any. Specify a different type.  @typescript-eslint/no-explicit-any
333:56  Warning: Unexpected any. Specify a different type.  @typescript-eslint/no-explicit-any

./src/app/admin/users/_components/UserEditModal.tsx
19:10  Warning: 'cn' is defined but never used.  @typescript-eslint/no-unused-vars
70:14  Warning: 'err' is defined but never used.  @typescript-eslint/no-unused-vars

./src/app/admin/users/_components/UsersClient.tsx
8:3  Warning: 'CheckCircle' is defined but never used.  @typescript-eslint/no-unused-vars
13:3  Warning: 'ChevronDown' is defined but never used.  @typescript-eslint/no-unused-vars
17:10  Warning: 'Button' is defined but never used.  @typescript-eslint/no-unused-vars
55:52  Warning: Unexpected any. Specify a different type.  @typescript-eslint/no-explicit-any
81:14  Warning: 'error' is defined but never used.  @typescript-eslint/no-unused-vars

./src/app/api/analytics/export/route.ts
4:10  Warning: 'EnrollmentStatus' is defined but never used.  @typescript-eslint/no-unused-vars

./src/app/api/modules/pdf/[id]/route.ts
18:5  Warning: Do not assign to the variable `module`. See: https://nextjs.org/docs/messages/no-assign-module-variable  @next/next/no-assign-module-variable
20:11  Warning: Unexpected any. Specify a different type.  @typescript-eslint/no-explicit-any
48:54  Warning: Unexpected any. Specify a different type.  @typescript-eslint/no-explicit-any

./src/app/auth/login/page.tsx
6:10  Warning: 'useState' is defined but never used.  @typescript-eslint/no-unused-vars

./src/auth.ts
51:48  Warning: Unexpected any. Specify a different type.  @typescript-eslint/no-explicit-any
51:62  Warning: Unexpected any. Specify a different type.  @typescript-eslint/no-explicit-any
60:35  Warning: Unexpected any. Specify a different type.  @typescript-eslint/no-explicit-any

./src/components/admin/ConfirmDraftDialog.tsx
7:3  Warning: 'DialogFooter' is defined but never used.  @typescript-eslint/no-unused-vars

./src/components/admin/course-title-form.tsx
4:8  Warning: 'axios' is defined but never used.  @typescript-eslint/no-unused-vars

./src/components/admin/CourseWizard.tsx
16:9  Warning: Unexpected any. Specify a different type.  @typescript-eslint/no-explicit-any

./src/components/admin/modules-form.tsx
39:22  Warning: 'setIsUpdating' is assigned a value but never used.  @typescript-eslint/no-unused-vars

./src/components/admin/question-item.tsx
7:41  Warning: 'Loader2' is defined but never used.  @typescript-eslint/no-unused-vars
18:3  Warning: 'FormMessage' is defined but never used.  @typescript-eslint/no-unused-vars
24:13  Warning: Unexpected any. Specify a different type.  @typescript-eslint/no-explicit-any
40:3  Warning: 'testId' is defined but never used.  @typescript-eslint/no-unused-vars
131:41  Warning: Unexpected any. Specify a different type.  @typescript-eslint/no-explicit-any

./src/components/admin/questions-form.tsx
7:22  Warning: 'Pencil' is defined but never used.  @typescript-eslint/no-unused-vars
7:30  Warning: 'Trash' is defined but never used.  @typescript-eslint/no-unused-vars
26:16  Warning: Unexpected any. Specify a different type.  @typescript-eslint/no-explicit-any
40:3  Warning: 'courseId' is defined but never used.  @typescript-eslint/no-unused-vars

./src/components/admin/sidebar.tsx
13:3  Warning: 'PlusCircle' is defined but never used.  @typescript-eslint/no-unused-vars

./src/components/admin/test-title-form.tsx
4:8  Warning: 'axios' is defined but never used.  @typescript-eslint/no-unused-vars
40:3  Warning: 'courseId' is defined but never used.  @typescript-eslint/no-unused-vars

./src/components/analytics/analytics-client.tsx
18:9  Warning: Unexpected any. Specify a different type.  @typescript-eslint/no-explicit-any

./src/components/analytics/DonutChartClient.tsx
3:61  Warning: 'Legend' is defined but never used.  @typescript-eslint/no-unused-vars
8:7  Warning: 'LABELS' is assigned a value but never used.  @typescript-eslint/no-unused-vars
44:36  Warning: Unexpected any. Specify a different type.  @typescript-eslint/no-explicit-any

./src/components/analytics/export-button.tsx
32:14  Warning: 'error' is defined but never used.  @typescript-eslint/no-unused-vars

./src/components/ConfirmDialog.tsx
7:3  Warning: 'DialogFooter' is defined but never used.  @typescript-eslint/no-unused-vars

./src/components/courses/module-completion-button.tsx
47:9  Warning: 'Icon' is assigned a value but never used.  @typescript-eslint/no-unused-vars

./src/components/courses/test-client.tsx
6:19  Warning: 'RotateCcw' is defined but never used.  @typescript-eslint/no-unused-vars
15:9  Warning: Unexpected any. Specify a different type.  @typescript-eslint/no-explicit-any
38:30  Warning: Unexpected any. Specify a different type.  @typescript-eslint/no-explicit-any
63:21  Warning: Unexpected any. Specify a different type.  @typescript-eslint/no-explicit-any
126:40  Warning: Unexpected any. Specify a different type.  @typescript-eslint/no-explicit-any
141:44  Warning: Unexpected any. Specify a different type.  @typescript-eslint/no-explicit-any

./src/components/karyawan/navbar.tsx
2:20  Warning: 'History' is defined but never used.  @typescript-eslint/no-unused-vars

./src/components/ui/input.tsx
4:18  Warning: An interface declaring no members is equivalent to its supertype.  @typescript-eslint/no-empty-object-type

./src/components/ui/textarea.tsx
5:18  Warning: An interface declaring no members is equivalent to its supertype.  @typescript-eslint/no-empty-object-type

./src/lib/db.ts
4:3  Warning: Unexpected var, use let or const instead.  no-var

./src/lib/sharepoint.ts
59:12  Warning: 'e' is defined but never used.  @typescript-eslint/no-unused-vars

./src/lib/utils/file.utils.ts
10:10  Warning: 'MAX_FILE_SIZE' is defined but never used.  @typescript-eslint/no-unused-vars

./src/middleware.ts
12:27  Warning: Unexpected any. Specify a different type.  @typescript-eslint/no-explicit-any

./src/types/module.types.ts
34:10  Warning: Unexpected any. Specify a different type.  @typescript-eslint/no-explicit-any

info  - Need to disable some ESLint rules? Learn more here: https://nextjs.org/docs/basic-features/eslint#disabling-rules
   Collecting page data ...
   Generating static pages (0/18) ...
   Generating static pages (4/18) 
   Generating static pages (8/18) 
node.exe : The width(-1) and height(-1) of chart should be greater than 0,
At line:1 char:1
+ & "C:\Program Files\nodejs/node.exe" "C:\Program Files\nodejs/node_mo ...
+ ~~~~~~~~~~~~~~~~~~~~~~~~~~~~~~~~~~~~~~~~~~~~~~~~~~~~~~~~~~~~~~~~~~~~~
    + CategoryInfo          : NotSpecified: (The width(-1) a...greater than 0,:String) [], RemoteException
    + FullyQualifiedErrorId : NativeCommandError
 
       please check the style of container, or the props width(100%) and height(100%),
       or add a minWidth(0) or minHeight(undefined) or use aspect(undefined) to control the
       height and width.
The width(-1) and height(-1) of chart should be greater than 0,
       please check the style of container, or the props width(100%) and height(80%),
       or add a minWidth(0) or minHeight(undefined) or use aspect(undefined) to control the
       height and width.
   Generating static pages (13/18) 
 Γ¿» useSearchParams() should be wrapped in a suspense boundary at page "/auth/login". Read more: 
https://nextjs.org/docs/messages/missing-suspense-with-csr-bailout
    at l (C:\Projects\elearning\.next\server\chunks\5612.js:1:10705)
    at c (C:\Projects\elearning\.next\server\chunks\5612.js:1:21688)
    at h (C:\Projects\elearning\.next\server\app\auth\login\page.js:1:3879)
    at nj (C:\Projects\elearning\node_modules\next\dist\compiled\next-server\app-page.runtime.prod.js:12:46252)
    at nM (C:\Projects\elearning\node_modules\next\dist\compiled\next-server\app-page.runtime.prod.js:12:47572)
    at nL (C:\Projects\elearning\node_modules\next\dist\compiled\next-server\app-page.runtime.prod.js:12:64547)
    at nI (C:\Projects\elearning\node_modules\next\dist\compiled\next-server\app-page.runtime.prod.js:12:47011)
    at nM (C:\Projects\elearning\node_modules\next\dist\compiled\next-server\app-page.runtime.prod.js:12:47718)
    at nM (C:\Projects\elearning\node_modules\next\dist\compiled\next-server\app-page.runtime.prod.js:12:61547)
    at nL (C:\Projects\elearning\node_modules\next\dist\compiled\next-server\app-page.runtime.prod.js:12:64547)

Error occurred prerendering page "/auth/login". Read more: https://nextjs.org/docs/messages/prerender-error

 Γ£ô Generating static pages (18/18)

> Export encountered errors on following paths:
	/auth/login/page: /auth/login
